LTspice 24.0.12 for Windows
Circuit: * C:\Users\ericz\Documents\ear_eeg\simulation\EEGSim.asc
Start Time: Fri Dec  5 19:08:34 2025
Error on line 2 : v1 n010 n014 sine(0 10m 10) ac ac1
	 Unknown parameter "ac1"
solver = Normal
Maximum thread count: 32
tnom = 27
temp = 27
method = modified trap
Early termination of direct N-R iteration.
Direct Newton iteration failed to find .op point.  (Use ".option noopiter" to skip.)
Starting Gmin stepping
Gmin = 10
Gmin = 1.07374
Gmin = 0.115292
Gmin = 0.0123794
Gmin = 0.00132923
Gmin = 0.000142725
Gmin = 1.5325e-05
Gmin = 1.6455e-06
Gmin = 1.76685e-07
Gmin = 1.89714e-08
Gmin = 2.03704e-09
Gmin = 2.18725e-10
Gmin = 2.34854e-11
Gmin = 2.52173e-12
Gmin = 2.70769e-13
Gmin = 0
Gmin stepping succeeded in finding the operating point.

Total elapsed time: 0.071 seconds.

